
Allocating common symbols
Common symbol       size              file

Pvalue              0x4               pressure.o

Memory Configuration

Name             Origin             Length             Attributes
flash            0x08000000         0x00020000         xr
sram             0x20000000         0x00005000         xrw
*default*        0x00000000         0xffffffff

Linker script and memory map


.text           0x08000000      0x2f8
 *(.vectors*)
 .vectors       0x08000000        0xc startup.o
                0x08000000                _vectors
 *(.text*)
 .text          0x0800000c       0x54 alarmActuator.o
                0x0800000c                ActuatorState
 .text          0x08000060       0x6c alarmMonitor.o
                0x08000060                MonitorState
 .text          0x080000cc       0xc4 driver.o
                0x080000cc                Delay
                0x080000ec                getPressureVal
                0x08000104                Set_Alarm_actuator
                0x08000140                GPIO_INITIALIZATION
 .text          0x08000190       0x3c main.o
                0x08000190                main
 .text          0x080001cc       0x40 mainAlgo.o
                0x080001cc                AlgoState
 .text          0x0800020c       0x54 pressure.o
                0x0800020c                pressure_sensor
 .text          0x08000260       0x98 startup.o
                0x08000260                default_handler
                0x08000260                HFault_handler
                0x08000260                NMI_handler
                0x0800026c                Reset_handler
 *(.rodata)
                0x080002f8                _E_TEXT = .

.glue_7         0x080002f8        0x0
 .glue_7        0x080002f8        0x0 linker stubs

.glue_7t        0x080002f8        0x0
 .glue_7t       0x080002f8        0x0 linker stubs

.vfp11_veneer   0x080002f8        0x0
 .vfp11_veneer  0x080002f8        0x0 linker stubs

.v4_bx          0x080002f8        0x0
 .v4_bx         0x080002f8        0x0 linker stubs

.iplt           0x080002f8        0x0
 .iplt          0x080002f8        0x0 alarmActuator.o

.rel.dyn        0x080002f8        0x0
 .rel.iplt      0x080002f8        0x0 alarmActuator.o

.data           0x20000000        0x8 load address 0x080002f8
                0x20000000                _S_DATA = .
 *(.data)
 .data          0x20000000        0x0 alarmActuator.o
 .data          0x20000000        0x1 alarmMonitor.o
                0x20000000                Monitor_State
 .data          0x20000001        0x0 driver.o
 .data          0x20000001        0x0 main.o
 *fill*         0x20000001        0x3 
 .data          0x20000004        0x4 mainAlgo.o
                0x20000004                Algo_pressure_threshold
 .data          0x20000008        0x0 pressure.o
 .data          0x20000008        0x0 startup.o
                0x20000008                _E_DATA = .

.igot.plt       0x20000008        0x0 load address 0x08000300
 .igot.plt      0x20000008        0x0 alarmActuator.o

.bss            0x20000008        0x8 load address 0x08000300
                0x20000008                _S_BSS = .
 *(.bss*)
 .bss           0x20000008        0x1 alarmActuator.o
                0x20000008                ActState
 .bss           0x20000009        0x0 alarmMonitor.o
 .bss           0x20000009        0x0 driver.o
 .bss           0x20000009        0x0 main.o
 .bss           0x20000009        0x1 mainAlgo.o
                0x20000009                state
 .bss           0x2000000a        0x1 pressure.o
                0x2000000a                Pstate
 .bss           0x2000000b        0x0 startup.o
                0x2000000b                _E_BSS = .
 *fill*         0x2000000b        0x1 
 COMMON         0x2000000c        0x4 pressure.o
                0x2000000c                Pvalue
                0x20001010                _STACK_TOP = (. + 0x1000)
LOAD alarmActuator.o
LOAD alarmMonitor.o
LOAD driver.o
LOAD main.o
LOAD mainAlgo.o
LOAD pressure.o
LOAD startup.o
OUTPUT(first_term_project_1.elf elf32-littlearm)

.debug_info     0x00000000     0x3692
 .debug_info    0x00000000      0x9e7 alarmActuator.o
 .debug_info    0x000009e7      0xaba alarmMonitor.o
 .debug_info    0x000014a1      0xa08 driver.o
 .debug_info    0x00001ea9      0xb19 main.o
 .debug_info    0x000029c2      0x139 mainAlgo.o
 .debug_info    0x00002afb      0xa0a pressure.o
 .debug_info    0x00003505      0x18d startup.o

.debug_abbrev   0x00000000      0xa1a
 .debug_abbrev  0x00000000      0x1b0 alarmActuator.o
 .debug_abbrev  0x000001b0      0x1b0 alarmMonitor.o
 .debug_abbrev  0x00000360      0x1de driver.o
 .debug_abbrev  0x0000053e      0x1cb main.o
 .debug_abbrev  0x00000709       0x87 mainAlgo.o
 .debug_abbrev  0x00000790      0x1b2 pressure.o
 .debug_abbrev  0x00000942       0xd8 startup.o

.debug_loc      0x00000000      0x2bc
 .debug_loc     0x00000000       0x2c alarmActuator.o
 .debug_loc     0x0000002c       0x2c alarmMonitor.o
 .debug_loc     0x00000058      0x140 driver.o
 .debug_loc     0x00000198       0x38 main.o
 .debug_loc     0x000001d0       0x44 mainAlgo.o
 .debug_loc     0x00000214       0x2c pressure.o
 .debug_loc     0x00000240       0x7c startup.o

.debug_aranges  0x00000000       0xe0
 .debug_aranges
                0x00000000       0x20 alarmActuator.o
 .debug_aranges
                0x00000020       0x20 alarmMonitor.o
 .debug_aranges
                0x00000040       0x20 driver.o
 .debug_aranges
                0x00000060       0x20 main.o
 .debug_aranges
                0x00000080       0x20 mainAlgo.o
 .debug_aranges
                0x000000a0       0x20 pressure.o
 .debug_aranges
                0x000000c0       0x20 startup.o

.debug_line     0x00000000      0x858
 .debug_line    0x00000000      0x144 alarmActuator.o
 .debug_line    0x00000144      0x18d alarmMonitor.o
 .debug_line    0x000002d1      0x152 driver.o
 .debug_line    0x00000423      0x1f1 main.o
 .debug_line    0x00000614       0x74 mainAlgo.o
 .debug_line    0x00000688      0x153 pressure.o
 .debug_line    0x000007db       0x7d startup.o

.debug_str      0x00000000      0x73c
 .debug_str     0x00000000      0x507 alarmActuator.o
                                0x572 (size before relaxing)
 .debug_str     0x00000507       0xda alarmMonitor.o
                                0x642 (size before relaxing)
 .debug_str     0x000005e1       0x4c driver.o
                                0x569 (size before relaxing)
 .debug_str     0x0000062d       0x59 main.o
                                0x68c (size before relaxing)
 .debug_str     0x00000686       0x15 mainAlgo.o
                                0x1b3 (size before relaxing)
 .debug_str     0x0000069b       0x1b pressure.o
                                0x560 (size before relaxing)
 .debug_str     0x000006b6       0x86 startup.o
                                0x1a0 (size before relaxing)

.comment        0x00000000       0x7e
 .comment       0x00000000       0x7e alarmActuator.o
                                 0x7f (size before relaxing)
 .comment       0x0000007e       0x7f alarmMonitor.o
 .comment       0x0000007e       0x7f driver.o
 .comment       0x0000007e       0x7f main.o
 .comment       0x0000007e       0x7f mainAlgo.o
 .comment       0x0000007e       0x7f pressure.o
 .comment       0x0000007e       0x7f startup.o

.ARM.attributes
                0x00000000       0x33
 .ARM.attributes
                0x00000000       0x33 alarmActuator.o
 .ARM.attributes
                0x00000033       0x33 alarmMonitor.o
 .ARM.attributes
                0x00000066       0x33 driver.o
 .ARM.attributes
                0x00000099       0x33 main.o
 .ARM.attributes
                0x000000cc       0x33 mainAlgo.o
 .ARM.attributes
                0x000000ff       0x33 pressure.o
 .ARM.attributes
                0x00000132       0x33 startup.o

.debug_frame    0x00000000      0x1d4
 .debug_frame   0x00000000       0x2c alarmActuator.o
 .debug_frame   0x0000002c       0x2c alarmMonitor.o
 .debug_frame   0x00000058       0xa0 driver.o
 .debug_frame   0x000000f8       0x30 main.o
 .debug_frame   0x00000128       0x30 mainAlgo.o
 .debug_frame   0x00000158       0x2c pressure.o
 .debug_frame   0x00000184       0x50 startup.o
