
Memory Configuration

Name             Origin             Length             Attributes
flash            0x08000000         0x00020000         xr
sram             0x20000000         0x00005000         xrw
*default*        0x00000000         0xffffffff

Linker script and memory map


.text           0x08000000      0x106
 *(.vectors*)
 .vectors       0x08000000       0x58 startup.o
 *(.text*)
 .text          0x08000058       0xa8 main.o
                0x08000058                main
 .text          0x08000100        0x6 startup.o
 *(.rodata)

.glue_7         0x08000108        0x0
 .glue_7        0x00000000        0x0 linker stubs

.glue_7t        0x08000108        0x0
 .glue_7t       0x00000000        0x0 linker stubs

.vfp11_veneer   0x08000108        0x0
 .vfp11_veneer  0x00000000        0x0 linker stubs

.v4_bx          0x08000108        0x0
 .v4_bx         0x00000000        0x0 linker stubs

.iplt           0x08000108        0x0
 .iplt          0x00000000        0x0 main.o

.rel.dyn        0x08000108        0x0
 .rel.iplt      0x00000000        0x0 main.o

.data           0x08000108        0x4
 *(.data)
 .data          0x08000108        0x4 main.o
                0x08000108                p_ODR
 .data          0x0800010c        0x0 startup.o

.igot.plt       0x0800010c        0x0
 .igot.plt      0x00000000        0x0 main.o

.bss            0x20000000        0x0
 *(.bss*)
 .bss           0x20000000        0x0 main.o
 .bss           0x20000000        0x0 startup.o
LOAD main.o
LOAD startup.o
OUTPUT(unit3_lab2_cortexM3.elf elf32-littlearm)

.debug_info     0x00000000      0x14d
 .debug_info    0x00000000       0xeb main.o
 .debug_info    0x000000eb       0x62 startup.o

.debug_abbrev   0x00000000       0xdc
 .debug_abbrev  0x00000000       0xc8 main.o
 .debug_abbrev  0x000000c8       0x14 startup.o

.debug_loc      0x00000000       0x38
 .debug_loc     0x00000000       0x38 main.o

.debug_aranges  0x00000000       0x40
 .debug_aranges
                0x00000000       0x20 main.o
 .debug_aranges
                0x00000020       0x20 startup.o

.debug_line     0x00000000       0x90
 .debug_line    0x00000000       0x56 main.o
 .debug_line    0x00000056       0x3a startup.o

.debug_str      0x00000000       0x86
 .debug_str     0x00000000       0x86 main.o
                                 0x8c (size before relaxing)

.comment        0x00000000       0x11
 .comment       0x00000000       0x11 main.o
                                 0x12 (size before relaxing)

.ARM.attributes
                0x00000000       0x31
 .ARM.attributes
                0x00000000       0x33 main.o
 .ARM.attributes
                0x00000033       0x21 startup.o

.debug_frame    0x00000000       0x2c
 .debug_frame   0x00000000       0x2c main.o
